 
****************************************
Report : timing
        -path full
        -delay max
        -max_paths 1
        -sort_by group
Design : Skinny_1_1
Version: E-2010.12-SP2
Date   : Fri Jun 21 11:42:37 2019
****************************************

Operating Conditions: tt_1p2v_25c   Library: scx3_cmos8rf_lpvt_tt_1p2v_25c
Wire Load Model Mode: top

  Startpoint: CL/COUNTER_reg[0]
              (rising edge-triggered flip-flop clocked by CLK)
  Endpoint: KE/CLK_GATE_H_reg
            (negative level-sensitive latch clocked by CLK)
  Path Group: CLK
  Path Type: max

  Point                                    Incr       Path
  -----------------------------------------------------------
  clock CLK (rise edge)                    0.00       0.00
  clock network delay (ideal)              0.00       0.00
  CL/COUNTER_reg[0]/CK (DFFQX1TS)          0.00       0.00 r
  CL/COUNTER_reg[0]/Q (DFFQX1TS)           0.70       0.70 f
  CL/U14/Y (INVXLTS)                       0.26       0.96 r
  CL/U13/Y (NAND3BX1TS)                    0.27       1.22 f
  CL/U12/Y (NOR2X1TS)                      0.17       1.40 r
  CL/U11/Y (CLKBUFX2TS)                    0.33       1.73 r
  CL/KEY_CTL[1] (ControlLogic_1_1)         0.00       1.73 r
  KE/KEY_CTL[1] (KeyExpansion_1_1)         0.00       1.73 r
  KE/U2/Y (BUFX8TS)                        0.66       2.39 r
  KE/U4/Y (OR2X2TS)                        0.42       2.81 r
  KE/CLK_GATE_H_reg/D (TLATNX1TS)          0.00       2.81 r
  data arrival time                                   2.81

  clock CLK (fall edge)                 5000.00    5000.00
  clock network delay (ideal)              0.00    5000.00
  KE/CLK_GATE_H_reg/GN (TLATNX1TS)         0.00    5000.00 f
  time borrowed from endpoint              0.00    5000.00
  data required time                               5000.00
  -----------------------------------------------------------
  data required time                               5000.00
  data arrival time                                  -2.81
  -----------------------------------------------------------
  slack (MET)                                      4997.19

  Time Borrowing Information
  -----------------------------------------------
  CLK pulse width                       5000.00   
  library setup time                      -0.14   
  -----------------------------------------------
  max time borrow                       4999.86   
  actual time borrow                       0.00   
  -----------------------------------------------


1
