 
****************************************
Report : timing
        -path full
        -delay max
        -max_paths 1
        -sort_by group
Design : Skinny_0_2
Version: E-2010.12-SP2
Date   : Fri Jun 21 09:59:35 2019
****************************************

Operating Conditions: tt_1p2v_25c   Library: scx3_cmos8rf_lpvt_tt_1p2v_25c
Wire Load Model Mode: top

  Startpoint: CL/COUNT_OP_reg[0]
              (rising edge-triggered flip-flop clocked by CLK)
  Endpoint: KE/CLK_GATE_H_reg
            (negative level-sensitive latch clocked by CLK)
  Path Group: CLK
  Path Type: max

  Point                                    Incr       Path
  -----------------------------------------------------------
  clock CLK (rise edge)                    0.00       0.00
  clock network delay (ideal)              0.00       0.00
  CL/COUNT_OP_reg[0]/CK (DFFXLTS)          0.00       0.00 r
  CL/COUNT_OP_reg[0]/Q (DFFXLTS)           0.71       0.71 r
  CL/U14/Y (NOR3XLTS)                      0.26       0.97 f
  CL/U21/Y (NAND3X1TS)                     0.19       1.16 r
  CL/U13/Y (NOR2X1TS)                      0.11       1.27 f
  CL/KEY_CTL[1] (ControlLogic_0_2)         0.00       1.27 f
  KE/KEY_CTL[1] (KeyExpansion_0_2)         0.00       1.27 f
  KE/U2/Y (CLKBUFX2TS)                     0.65       1.92 f
  KE/U7/Y (OR2X2TS)                        0.55       2.47 f
  KE/CLK_GATE_H_reg/D (TLATNX1TS)          0.00       2.47 f
  data arrival time                                   2.47

  clock CLK (fall edge)                 5000.00    5000.00
  clock network delay (ideal)              0.00    5000.00
  KE/CLK_GATE_H_reg/GN (TLATNX1TS)         0.00    5000.00 f
  time borrowed from endpoint              0.00    5000.00
  data required time                               5000.00
  -----------------------------------------------------------
  data required time                               5000.00
  data arrival time                                  -2.47
  -----------------------------------------------------------
  slack (MET)                                      4997.53

  Time Borrowing Information
  -----------------------------------------------
  CLK pulse width                       5000.00   
  library setup time                      -0.11   
  -----------------------------------------------
  max time borrow                       4999.89   
  actual time borrow                       0.00   
  -----------------------------------------------


1
