 
****************************************
Report : timing
        -path full
        -delay max
        -max_paths 1
        -sort_by group
Design : Skinny_1_0
Version: E-2010.12-SP2
Date   : Fri Jun 21 13:01:19 2019
****************************************

Operating Conditions: tt_1p2v_25c   Library: scx3_cmos8rf_lpvt_tt_1p2v_25c
Wire Load Model Mode: top

  Startpoint: PLAINTEXT[126]
              (input port)
  Endpoint: CIPHERTEXT[120]
            (output port)
  Path Group: (none)
  Path Type: max

  Point                                                   Incr       Path
  --------------------------------------------------------------------------
  input external delay                                    0.00       0.00 f
  PLAINTEXT[126] (in)                                     0.00       0.00 f
  RF_0/ROUND_IN[126] (RoundFunction_1_0_0)                0.00       0.00 f
  RF_0/S_15/X[6] (SBox_1_625)                             0.00       0.00 f
  RF_0/S_15/U13/Y (OAI31X1TS)                             0.43       0.43 r
  RF_0/S_15/U10/Y (OAI21X1TS)                             0.31       0.74 f
  RF_0/S_15/U9/Y (OAI31X1TS)                              0.23       0.97 r
  RF_0/S_15/U8/Y (OAI21X1TS)                              0.28       1.25 f
  RF_0/S_15/U7/Y (OAI31X1TS)                              0.17       1.42 r
  RF_0/S_15/U2/Y (OAI21X1TS)                              0.24       1.66 f
  RF_0/S_15/U1/Y (OAI31X1TS)                              0.11       1.77 r
  RF_0/S_15/Y[0] (SBox_1_625)                             0.00       1.77 r
  RF_0/KA/DATA_IN[120] (AddConstKey_1_0_0)                0.00       1.77 r
  RF_0/KA/U22/Y (XNOR2X1TS)                               0.27       2.04 r
  RF_0/KA/DATA_OUT[120] (AddConstKey_1_0_0)               0.00       2.04 r
  RF_0/SR/X[120] (ShiftRows_1_0)                          0.00       2.04 r
  RF_0/SR/Y[120] (ShiftRows_1_0)                          0.00       2.04 r
  RF_0/MC/X[120] (MixColumns_1_0)                         0.00       2.04 r
  RF_0/MC/U42/Y (XOR2X1TS)                                0.43       2.46 r
  RF_0/MC/U43/Y (XOR2X1TS)                                0.36       2.83 f
  RF_0/MC/Y[120] (MixColumns_1_0)                         0.00       2.83 f
  RF_0/ROUND_OUT[120] (RoundFunction_1_0_0)               0.00       2.83 f
  RF_1/ROUND_IN[120] (RoundFunction_1_0_39)               0.00       2.83 f
  RF_1/S_15/X[0] (SBox_1_609)                             0.00       2.83 f
  RF_1/S_15/U11/Y (OAI31X1TS)                             0.48       3.31 r
  RF_1/S_15/U10/Y (OAI21X1TS)                             0.28       3.59 f
  RF_1/S_15/U9/Y (OAI31X1TS)                              0.23       3.82 r
  RF_1/S_15/U8/Y (OAI21X1TS)                              0.28       4.10 f
  RF_1/S_15/U7/Y (OAI31X1TS)                              0.18       4.28 r
  RF_1/S_15/U2/Y (OAI21X1TS)                              0.24       4.52 f
  RF_1/S_15/U1/Y (OAI31X1TS)                              0.13       4.65 r
  RF_1/S_15/Y[0] (SBox_1_609)                             0.00       4.65 r
  RF_1/KA/DATA_IN[120] (AddConstKey_1_0_39)               0.00       4.65 r
  RF_1/KA/U22/Y (XNOR2X1TS)                               0.27       4.92 r
  RF_1/KA/DATA_OUT[120] (AddConstKey_1_0_39)              0.00       4.92 r
  RF_1/SR/X[120] (ShiftRows_1_39)                         0.00       4.92 r
  RF_1/SR/Y[120] (ShiftRows_1_39)                         0.00       4.92 r
  RF_1/MC/X[120] (MixColumns_1_39)                        0.00       4.92 r
  RF_1/MC/U42/Y (XOR2X1TS)                                0.43       5.34 r
  RF_1/MC/U43/Y (XOR2X1TS)                                0.36       5.71 f
  RF_1/MC/Y[120] (MixColumns_1_39)                        0.00       5.71 f
  RF_1/ROUND_OUT[120] (RoundFunction_1_0_39)              0.00       5.71 f
  RF_2/ROUND_IN[120] (RoundFunction_1_0_38)               0.00       5.71 f
  RF_2/S_15/X[0] (SBox_1_593)                             0.00       5.71 f
  RF_2/S_15/U11/Y (OAI31X1TS)                             0.48       6.19 r
  RF_2/S_15/U10/Y (OAI21X1TS)                             0.28       6.47 f
  RF_2/S_15/U9/Y (OAI31X1TS)                              0.23       6.70 r
  RF_2/S_15/U8/Y (OAI21X1TS)                              0.28       6.98 f
  RF_2/S_15/U7/Y (OAI31X1TS)                              0.18       7.16 r
  RF_2/S_15/U2/Y (OAI21X1TS)                              0.24       7.40 f
  RF_2/S_15/U1/Y (OAI31X1TS)                              0.13       7.53 r
  RF_2/S_15/Y[0] (SBox_1_593)                             0.00       7.53 r
  RF_2/KA/DATA_IN[120] (AddConstKey_1_0_38)               0.00       7.53 r
  RF_2/KA/U22/Y (XNOR2X1TS)                               0.27       7.80 r
  RF_2/KA/DATA_OUT[120] (AddConstKey_1_0_38)              0.00       7.80 r
  RF_2/SR/X[120] (ShiftRows_1_38)                         0.00       7.80 r
  RF_2/SR/Y[120] (ShiftRows_1_38)                         0.00       7.80 r
  RF_2/MC/X[120] (MixColumns_1_38)                        0.00       7.80 r
  RF_2/MC/U42/Y (XOR2X1TS)                                0.43       8.23 r
  RF_2/MC/U43/Y (XOR2X1TS)                                0.36       8.59 f
  RF_2/MC/Y[120] (MixColumns_1_38)                        0.00       8.59 f
  RF_2/ROUND_OUT[120] (RoundFunction_1_0_38)              0.00       8.59 f
  RF_3/ROUND_IN[120] (RoundFunction_1_0_37)               0.00       8.59 f
  RF_3/S_15/X[0] (SBox_1_577)                             0.00       8.59 f
  RF_3/S_15/U11/Y (OAI31X1TS)                             0.48       9.07 r
  RF_3/S_15/U10/Y (OAI21X1TS)                             0.28       9.35 f
  RF_3/S_15/U9/Y (OAI31X1TS)                              0.23       9.58 r
  RF_3/S_15/U8/Y (OAI21X1TS)                              0.28       9.86 f
  RF_3/S_15/U7/Y (OAI31X1TS)                              0.18      10.04 r
  RF_3/S_15/U2/Y (OAI21X1TS)                              0.24      10.28 f
  RF_3/S_15/U1/Y (OAI31X1TS)                              0.13      10.41 r
  RF_3/S_15/Y[0] (SBox_1_577)                             0.00      10.41 r
  RF_3/KA/DATA_IN[120] (AddConstKey_1_0_37)               0.00      10.41 r
  RF_3/KA/U22/Y (XNOR2X1TS)                               0.27      10.68 r
  RF_3/KA/DATA_OUT[120] (AddConstKey_1_0_37)              0.00      10.68 r
  RF_3/SR/X[120] (ShiftRows_1_37)                         0.00      10.68 r
  RF_3/SR/Y[120] (ShiftRows_1_37)                         0.00      10.68 r
  RF_3/MC/X[120] (MixColumns_1_37)                        0.00      10.68 r
  RF_3/MC/U42/Y (XOR2X1TS)                                0.43      11.11 r
  RF_3/MC/U43/Y (XOR2X1TS)                                0.36      11.47 f
  RF_3/MC/Y[120] (MixColumns_1_37)                        0.00      11.47 f
  RF_3/ROUND_OUT[120] (RoundFunction_1_0_37)              0.00      11.47 f
  RF_4/ROUND_IN[120] (RoundFunction_1_0_36)               0.00      11.47 f
  RF_4/S_15/X[0] (SBox_1_561)                             0.00      11.47 f
  RF_4/S_15/U11/Y (OAI31X1TS)                             0.48      11.95 r
  RF_4/S_15/U10/Y (OAI21X1TS)                             0.28      12.23 f
  RF_4/S_15/U9/Y (OAI31X1TS)                              0.23      12.46 r
  RF_4/S_15/U8/Y (OAI21X1TS)                              0.28      12.74 f
  RF_4/S_15/U7/Y (OAI31X1TS)                              0.18      12.92 r
  RF_4/S_15/U2/Y (OAI21X1TS)                              0.24      13.16 f
  RF_4/S_15/U1/Y (OAI31X1TS)                              0.13      13.29 r
  RF_4/S_15/Y[0] (SBox_1_561)                             0.00      13.29 r
  RF_4/KA/DATA_IN[120] (AddConstKey_1_0_36)               0.00      13.29 r
  RF_4/KA/U22/Y (XNOR2X1TS)                               0.27      13.56 r
  RF_4/KA/DATA_OUT[120] (AddConstKey_1_0_36)              0.00      13.56 r
  RF_4/SR/X[120] (ShiftRows_1_36)                         0.00      13.56 r
  RF_4/SR/Y[120] (ShiftRows_1_36)                         0.00      13.56 r
  RF_4/MC/X[120] (MixColumns_1_36)                        0.00      13.56 r
  RF_4/MC/U42/Y (XOR2X1TS)                                0.43      13.99 r
  RF_4/MC/U43/Y (XOR2X1TS)                                0.36      14.35 f
  RF_4/MC/Y[120] (MixColumns_1_36)                        0.00      14.35 f
  RF_4/ROUND_OUT[120] (RoundFunction_1_0_36)              0.00      14.35 f
  RF_5/ROUND_IN[120] (RoundFunction_1_0_35)               0.00      14.35 f
  RF_5/S_15/X[0] (SBox_1_545)                             0.00      14.35 f
  RF_5/S_15/U11/Y (OAI31X1TS)                             0.48      14.84 r
  RF_5/S_15/U10/Y (OAI21X1TS)                             0.28      15.12 f
  RF_5/S_15/U9/Y (OAI31X1TS)                              0.23      15.35 r
  RF_5/S_15/U8/Y (OAI21X1TS)                              0.28      15.63 f
  RF_5/S_15/U7/Y (OAI31X1TS)                              0.18      15.80 r
  RF_5/S_15/U2/Y (OAI21X1TS)                              0.24      16.04 f
  RF_5/S_15/U1/Y (OAI31X1TS)                              0.13      16.17 r
  RF_5/S_15/Y[0] (SBox_1_545)                             0.00      16.17 r
  RF_5/KA/DATA_IN[120] (AddConstKey_1_0_35)               0.00      16.17 r
  RF_5/KA/U22/Y (XOR2X1TS)                                0.35      16.52 r
  RF_5/KA/DATA_OUT[120] (AddConstKey_1_0_35)              0.00      16.52 r
  RF_5/SR/X[120] (ShiftRows_1_35)                         0.00      16.52 r
  RF_5/SR/Y[120] (ShiftRows_1_35)                         0.00      16.52 r
  RF_5/MC/X[120] (MixColumns_1_35)                        0.00      16.52 r
  RF_5/MC/U42/Y (XOR2X1TS)                                0.41      16.93 r
  RF_5/MC/U43/Y (XOR2X1TS)                                0.36      17.30 f
  RF_5/MC/Y[120] (MixColumns_1_35)                        0.00      17.30 f
  RF_5/ROUND_OUT[120] (RoundFunction_1_0_35)              0.00      17.30 f
  RF_6/ROUND_IN[120] (RoundFunction_1_0_34)               0.00      17.30 f
  RF_6/S_15/X[0] (SBox_1_529)                             0.00      17.30 f
  RF_6/S_15/U11/Y (OAI31X1TS)                             0.48      17.78 r
  RF_6/S_15/U10/Y (OAI21X1TS)                             0.28      18.06 f
  RF_6/S_15/U9/Y (OAI31X1TS)                              0.23      18.29 r
  RF_6/S_15/U8/Y (OAI21X1TS)                              0.28      18.57 f
  RF_6/S_15/U7/Y (OAI31X1TS)                              0.18      18.75 r
  RF_6/S_15/U2/Y (OAI21X1TS)                              0.24      18.99 f
  RF_6/S_15/U1/Y (OAI31X1TS)                              0.13      19.12 r
  RF_6/S_15/Y[0] (SBox_1_529)                             0.00      19.12 r
  RF_6/KA/DATA_IN[120] (AddConstKey_1_0_34)               0.00      19.12 r
  RF_6/KA/U22/Y (XNOR2X1TS)                               0.27      19.39 r
  RF_6/KA/DATA_OUT[120] (AddConstKey_1_0_34)              0.00      19.39 r
  RF_6/SR/X[120] (ShiftRows_1_34)                         0.00      19.39 r
  RF_6/SR/Y[120] (ShiftRows_1_34)                         0.00      19.39 r
  RF_6/MC/X[120] (MixColumns_1_34)                        0.00      19.39 r
  RF_6/MC/U42/Y (XOR2X1TS)                                0.43      19.81 r
  RF_6/MC/U43/Y (XOR2X1TS)                                0.36      20.17 f
  RF_6/MC/Y[120] (MixColumns_1_34)                        0.00      20.17 f
  RF_6/ROUND_OUT[120] (RoundFunction_1_0_34)              0.00      20.17 f
  RF_7/ROUND_IN[120] (RoundFunction_1_0_33)               0.00      20.17 f
  RF_7/S_15/X[0] (SBox_1_513)                             0.00      20.17 f
  RF_7/S_15/U11/Y (OAI31X1TS)                             0.48      20.66 r
  RF_7/S_15/U10/Y (OAI21X1TS)                             0.28      20.94 f
  RF_7/S_15/U9/Y (OAI31X1TS)                              0.23      21.17 r
  RF_7/S_15/U8/Y (OAI21X1TS)                              0.28      21.45 f
  RF_7/S_15/U7/Y (OAI31X1TS)                              0.18      21.63 r
  RF_7/S_15/U2/Y (OAI21X1TS)                              0.24      21.87 f
  RF_7/S_15/U1/Y (OAI31X1TS)                              0.13      22.00 r
  RF_7/S_15/Y[0] (SBox_1_513)                             0.00      22.00 r
  RF_7/KA/DATA_IN[120] (AddConstKey_1_0_33)               0.00      22.00 r
  RF_7/KA/U22/Y (XNOR2X1TS)                               0.27      22.27 r
  RF_7/KA/DATA_OUT[120] (AddConstKey_1_0_33)              0.00      22.27 r
  RF_7/SR/X[120] (ShiftRows_1_33)                         0.00      22.27 r
  RF_7/SR/Y[120] (ShiftRows_1_33)                         0.00      22.27 r
  RF_7/MC/X[120] (MixColumns_1_33)                        0.00      22.27 r
  RF_7/MC/U42/Y (XOR2X1TS)                                0.43      22.69 r
  RF_7/MC/U43/Y (XOR2X1TS)                                0.36      23.06 f
  RF_7/MC/Y[120] (MixColumns_1_33)                        0.00      23.06 f
  RF_7/ROUND_OUT[120] (RoundFunction_1_0_33)              0.00      23.06 f
  RF_8/ROUND_IN[120] (RoundFunction_1_0_32)               0.00      23.06 f
  RF_8/S_15/X[0] (SBox_1_497)                             0.00      23.06 f
  RF_8/S_15/U11/Y (OAI31X1TS)                             0.48      23.54 r
  RF_8/S_15/U10/Y (OAI21X1TS)                             0.28      23.82 f
  RF_8/S_15/U9/Y (OAI31X1TS)                              0.23      24.05 r
  RF_8/S_15/U8/Y (OAI21X1TS)                              0.28      24.33 f
  RF_8/S_15/U7/Y (OAI31X1TS)                              0.18      24.51 r
  RF_8/S_15/U2/Y (OAI21X1TS)                              0.24      24.75 f
  RF_8/S_15/U1/Y (OAI31X1TS)                              0.13      24.88 r
  RF_8/S_15/Y[0] (SBox_1_497)                             0.00      24.88 r
  RF_8/KA/DATA_IN[120] (AddConstKey_1_0_32)               0.00      24.88 r
  RF_8/KA/U22/Y (XNOR2X1TS)                               0.27      25.15 r
  RF_8/KA/DATA_OUT[120] (AddConstKey_1_0_32)              0.00      25.15 r
  RF_8/SR/X[120] (ShiftRows_1_32)                         0.00      25.15 r
  RF_8/SR/Y[120] (ShiftRows_1_32)                         0.00      25.15 r
  RF_8/MC/X[120] (MixColumns_1_32)                        0.00      25.15 r
  RF_8/MC/U42/Y (XOR2X1TS)                                0.43      25.57 r
  RF_8/MC/U43/Y (XOR2X1TS)                                0.36      25.94 f
  RF_8/MC/Y[120] (MixColumns_1_32)                        0.00      25.94 f
  RF_8/ROUND_OUT[120] (RoundFunction_1_0_32)              0.00      25.94 f
  RF_9/ROUND_IN[120] (RoundFunction_1_0_31)               0.00      25.94 f
  RF_9/S_15/X[0] (SBox_1_481)                             0.00      25.94 f
  RF_9/S_15/U11/Y (OAI31X1TS)                             0.48      26.42 r
  RF_9/S_15/U10/Y (OAI21X1TS)                             0.28      26.70 f
  RF_9/S_15/U9/Y (OAI31X1TS)                              0.23      26.93 r
  RF_9/S_15/U8/Y (OAI21X1TS)                              0.28      27.21 f
  RF_9/S_15/U7/Y (OAI31X1TS)                              0.18      27.39 r
  RF_9/S_15/U2/Y (OAI21X1TS)                              0.24      27.63 f
  RF_9/S_15/U1/Y (OAI31X1TS)                              0.13      27.76 r
  RF_9/S_15/Y[0] (SBox_1_481)                             0.00      27.76 r
  RF_9/KA/DATA_IN[120] (AddConstKey_1_0_31)               0.00      27.76 r
  RF_9/KA/U22/Y (XNOR2X1TS)                               0.27      28.03 r
  RF_9/KA/DATA_OUT[120] (AddConstKey_1_0_31)              0.00      28.03 r
  RF_9/SR/X[120] (ShiftRows_1_31)                         0.00      28.03 r
  RF_9/SR/Y[120] (ShiftRows_1_31)                         0.00      28.03 r
  RF_9/MC/X[120] (MixColumns_1_31)                        0.00      28.03 r
  RF_9/MC/U42/Y (XOR2X1TS)                                0.43      28.46 r
  RF_9/MC/U43/Y (XOR2X1TS)                                0.36      28.82 f
  RF_9/MC/Y[120] (MixColumns_1_31)                        0.00      28.82 f
  RF_9/ROUND_OUT[120] (RoundFunction_1_0_31)              0.00      28.82 f
  RF_10/ROUND_IN[120] (RoundFunction_1_0_30)              0.00      28.82 f
  RF_10/S_15/X[0] (SBox_1_465)                            0.00      28.82 f
  RF_10/S_15/U11/Y (OAI31X1TS)                            0.48      29.30 r
  RF_10/S_15/U10/Y (OAI21X1TS)                            0.28      29.58 f
  RF_10/S_15/U9/Y (OAI31X1TS)                             0.23      29.81 r
  RF_10/S_15/U8/Y (OAI21X1TS)                             0.28      30.09 f
  RF_10/S_15/U7/Y (OAI31X1TS)                             0.18      30.27 r
  RF_10/S_15/U2/Y (OAI21X1TS)                             0.24      30.51 f
  RF_10/S_15/U1/Y (OAI31X1TS)                             0.13      30.64 r
  RF_10/S_15/Y[0] (SBox_1_465)                            0.00      30.64 r
  RF_10/KA/DATA_IN[120] (AddConstKey_1_0_30)              0.00      30.64 r
  RF_10/KA/U22/Y (XOR2X1TS)                               0.35      30.99 r
  RF_10/KA/DATA_OUT[120] (AddConstKey_1_0_30)             0.00      30.99 r
  RF_10/SR/X[120] (ShiftRows_1_30)                        0.00      30.99 r
  RF_10/SR/Y[120] (ShiftRows_1_30)                        0.00      30.99 r
  RF_10/MC/X[120] (MixColumns_1_30)                       0.00      30.99 r
  RF_10/MC/U42/Y (XOR2X1TS)                               0.41      31.40 r
  RF_10/MC/U43/Y (XOR2X1TS)                               0.36      31.76 f
  RF_10/MC/Y[120] (MixColumns_1_30)                       0.00      31.76 f
  RF_10/ROUND_OUT[120] (RoundFunction_1_0_30)             0.00      31.76 f
  RF_11/ROUND_IN[120] (RoundFunction_1_0_29)              0.00      31.76 f
  RF_11/S_15/X[0] (SBox_1_449)                            0.00      31.76 f
  RF_11/S_15/U11/Y (OAI31X1TS)                            0.48      32.25 r
  RF_11/S_15/U10/Y (OAI21X1TS)                            0.28      32.53 f
  RF_11/S_15/U9/Y (OAI31X1TS)                             0.23      32.76 r
  RF_11/S_15/U8/Y (OAI21X1TS)                             0.28      33.04 f
  RF_11/S_15/U7/Y (OAI31X1TS)                             0.18      33.21 r
  RF_11/S_15/U2/Y (OAI21X1TS)                             0.24      33.45 f
  RF_11/S_15/U1/Y (OAI31X1TS)                             0.13      33.58 r
  RF_11/S_15/Y[0] (SBox_1_449)                            0.00      33.58 r
  RF_11/KA/DATA_IN[120] (AddConstKey_1_0_29)              0.00      33.58 r
  RF_11/KA/U22/Y (XOR2X1TS)                               0.35      33.93 r
  RF_11/KA/DATA_OUT[120] (AddConstKey_1_0_29)             0.00      33.93 r
  RF_11/SR/X[120] (ShiftRows_1_29)                        0.00      33.93 r
  RF_11/SR/Y[120] (ShiftRows_1_29)                        0.00      33.93 r
  RF_11/MC/X[120] (MixColumns_1_29)                       0.00      33.93 r
  RF_11/MC/U42/Y (XOR2X1TS)                               0.41      34.34 r
  RF_11/MC/U43/Y (XOR2X1TS)                               0.36      34.71 f
  RF_11/MC/Y[120] (MixColumns_1_29)                       0.00      34.71 f
  RF_11/ROUND_OUT[120] (RoundFunction_1_0_29)             0.00      34.71 f
  RF_12/ROUND_IN[120] (RoundFunction_1_0_28)              0.00      34.71 f
  RF_12/S_15/X[0] (SBox_1_433)                            0.00      34.71 f
  RF_12/S_15/U11/Y (OAI31X1TS)                            0.48      35.19 r
  RF_12/S_15/U10/Y (OAI21X1TS)                            0.28      35.47 f
  RF_12/S_15/U9/Y (OAI31X1TS)                             0.23      35.70 r
  RF_12/S_15/U8/Y (OAI21X1TS)                             0.28      35.98 f
  RF_12/S_15/U7/Y (OAI31X1TS)                             0.18      36.16 r
  RF_12/S_15/U2/Y (OAI21X1TS)                             0.24      36.40 f
  RF_12/S_15/U1/Y (OAI31X1TS)                             0.13      36.53 r
  RF_12/S_15/Y[0] (SBox_1_433)                            0.00      36.53 r
  RF_12/KA/DATA_IN[120] (AddConstKey_1_0_28)              0.00      36.53 r
  RF_12/KA/U22/Y (XNOR2X1TS)                              0.27      36.80 r
  RF_12/KA/DATA_OUT[120] (AddConstKey_1_0_28)             0.00      36.80 r
  RF_12/SR/X[120] (ShiftRows_1_28)                        0.00      36.80 r
  RF_12/SR/Y[120] (ShiftRows_1_28)                        0.00      36.80 r
  RF_12/MC/X[120] (MixColumns_1_28)                       0.00      36.80 r
  RF_12/MC/U42/Y (XOR2X1TS)                               0.43      37.22 r
  RF_12/MC/U43/Y (XOR2X1TS)                               0.36      37.58 f
  RF_12/MC/Y[120] (MixColumns_1_28)                       0.00      37.58 f
  RF_12/ROUND_OUT[120] (RoundFunction_1_0_28)             0.00      37.58 f
  RF_13/ROUND_IN[120] (RoundFunction_1_0_27)              0.00      37.58 f
  RF_13/S_15/X[0] (SBox_1_417)                            0.00      37.58 f
  RF_13/S_15/U11/Y (OAI31X1TS)                            0.48      38.07 r
  RF_13/S_15/U10/Y (OAI21X1TS)                            0.28      38.35 f
  RF_13/S_15/U9/Y (OAI31X1TS)                             0.23      38.58 r
  RF_13/S_15/U8/Y (OAI21X1TS)                             0.28      38.86 f
  RF_13/S_15/U7/Y (OAI31X1TS)                             0.18      39.04 r
  RF_13/S_15/U2/Y (OAI21X1TS)                             0.24      39.28 f
  RF_13/S_15/U1/Y (OAI31X1TS)                             0.13      39.41 r
  RF_13/S_15/Y[0] (SBox_1_417)                            0.00      39.41 r
  RF_13/KA/DATA_IN[120] (AddConstKey_1_0_27)              0.00      39.41 r
  RF_13/KA/U22/Y (XNOR2X1TS)                              0.27      39.68 r
  RF_13/KA/DATA_OUT[120] (AddConstKey_1_0_27)             0.00      39.68 r
  RF_13/SR/X[120] (ShiftRows_1_27)                        0.00      39.68 r
  RF_13/SR/Y[120] (ShiftRows_1_27)                        0.00      39.68 r
  RF_13/MC/X[120] (MixColumns_1_27)                       0.00      39.68 r
  RF_13/MC/U42/Y (XOR2X1TS)                               0.43      40.10 r
  RF_13/MC/U43/Y (XOR2X1TS)                               0.36      40.47 f
  RF_13/MC/Y[120] (MixColumns_1_27)                       0.00      40.47 f
  RF_13/ROUND_OUT[120] (RoundFunction_1_0_27)             0.00      40.47 f
  RF_14/ROUND_IN[120] (RoundFunction_1_0_26)              0.00      40.47 f
  RF_14/S_15/X[0] (SBox_1_401)                            0.00      40.47 f
  RF_14/S_15/U11/Y (OAI31X1TS)                            0.48      40.95 r
  RF_14/S_15/U10/Y (OAI21X1TS)                            0.28      41.23 f
  RF_14/S_15/U9/Y (OAI31X1TS)                             0.23      41.46 r
  RF_14/S_15/U8/Y (OAI21X1TS)                             0.28      41.74 f
  RF_14/S_15/U7/Y (OAI31X1TS)                             0.18      41.92 r
  RF_14/S_15/U2/Y (OAI21X1TS)                             0.24      42.16 f
  RF_14/S_15/U1/Y (OAI31X1TS)                             0.13      42.29 r
  RF_14/S_15/Y[0] (SBox_1_401)                            0.00      42.29 r
  RF_14/KA/DATA_IN[120] (AddConstKey_1_0_26)              0.00      42.29 r
  RF_14/KA/U22/Y (XNOR2X1TS)                              0.27      42.56 r
  RF_14/KA/DATA_OUT[120] (AddConstKey_1_0_26)             0.00      42.56 r
  RF_14/SR/X[120] (ShiftRows_1_26)                        0.00      42.56 r
  RF_14/SR/Y[120] (ShiftRows_1_26)                        0.00      42.56 r
  RF_14/MC/X[120] (MixColumns_1_26)                       0.00      42.56 r
  RF_14/MC/U42/Y (XOR2X1TS)                               0.43      42.98 r
  RF_14/MC/U43/Y (XOR2X1TS)                               0.36      43.35 f
  RF_14/MC/Y[120] (MixColumns_1_26)                       0.00      43.35 f
  RF_14/ROUND_OUT[120] (RoundFunction_1_0_26)             0.00      43.35 f
  RF_15/ROUND_IN[120] (RoundFunction_1_0_25)              0.00      43.35 f
  RF_15/S_15/X[0] (SBox_1_385)                            0.00      43.35 f
  RF_15/S_15/U11/Y (OAI31X1TS)                            0.48      43.83 r
  RF_15/S_15/U10/Y (OAI21X1TS)                            0.28      44.11 f
  RF_15/S_15/U9/Y (OAI31X1TS)                             0.23      44.34 r
  RF_15/S_15/U8/Y (OAI21X1TS)                             0.28      44.62 f
  RF_15/S_15/U7/Y (OAI31X1TS)                             0.18      44.80 r
  RF_15/S_15/U2/Y (OAI21X1TS)                             0.24      45.04 f
  RF_15/S_15/U1/Y (OAI31X1TS)                             0.13      45.17 r
  RF_15/S_15/Y[0] (SBox_1_385)                            0.00      45.17 r
  RF_15/KA/DATA_IN[120] (AddConstKey_1_0_25)              0.00      45.17 r
  RF_15/KA/U22/Y (XOR2X1TS)                               0.35      45.52 r
  RF_15/KA/DATA_OUT[120] (AddConstKey_1_0_25)             0.00      45.52 r
  RF_15/SR/X[120] (ShiftRows_1_25)                        0.00      45.52 r
  RF_15/SR/Y[120] (ShiftRows_1_25)                        0.00      45.52 r
  RF_15/MC/X[120] (MixColumns_1_25)                       0.00      45.52 r
  RF_15/MC/U42/Y (XOR2X1TS)                               0.41      45.93 r
  RF_15/MC/U43/Y (XOR2X1TS)                               0.36      46.29 f
  RF_15/MC/Y[120] (MixColumns_1_25)                       0.00      46.29 f
  RF_15/ROUND_OUT[120] (RoundFunction_1_0_25)             0.00      46.29 f
  RF_16/ROUND_IN[120] (RoundFunction_1_0_24)              0.00      46.29 f
  RF_16/S_15/X[0] (SBox_1_369)                            0.00      46.29 f
  RF_16/S_15/U11/Y (OAI31X1TS)                            0.48      46.78 r
  RF_16/S_15/U10/Y (OAI21X1TS)                            0.28      47.06 f
  RF_16/S_15/U9/Y (OAI31X1TS)                             0.23      47.29 r
  RF_16/S_15/U8/Y (OAI21X1TS)                             0.28      47.57 f
  RF_16/S_15/U7/Y (OAI31X1TS)                             0.18      47.74 r
  RF_16/S_15/U2/Y (OAI21X1TS)                             0.24      47.98 f
  RF_16/S_15/U1/Y (OAI31X1TS)                             0.13      48.11 r
  RF_16/S_15/Y[0] (SBox_1_369)                            0.00      48.11 r
  RF_16/KA/DATA_IN[120] (AddConstKey_1_0_24)              0.00      48.11 r
  RF_16/KA/U22/Y (XNOR2X1TS)                              0.27      48.38 r
  RF_16/KA/DATA_OUT[120] (AddConstKey_1_0_24)             0.00      48.38 r
  RF_16/SR/X[120] (ShiftRows_1_24)                        0.00      48.38 r
  RF_16/SR/Y[120] (ShiftRows_1_24)                        0.00      48.38 r
  RF_16/MC/X[120] (MixColumns_1_24)                       0.00      48.38 r
  RF_16/MC/U42/Y (XOR2X1TS)                               0.43      48.81 r
  RF_16/MC/U43/Y (XOR2X1TS)                               0.36      49.17 f
  RF_16/MC/Y[120] (MixColumns_1_24)                       0.00      49.17 f
  RF_16/ROUND_OUT[120] (RoundFunction_1_0_24)             0.00      49.17 f
  RF_17/ROUND_IN[120] (RoundFunction_1_0_23)              0.00      49.17 f
  RF_17/S_15/X[0] (SBox_1_353)                            0.00      49.17 f
  RF_17/S_15/U11/Y (OAI31X1TS)                            0.48      49.66 r
  RF_17/S_15/U10/Y (OAI21X1TS)                            0.28      49.94 f
  RF_17/S_15/U9/Y (OAI31X1TS)                             0.23      50.16 r
  RF_17/S_15/U8/Y (OAI21X1TS)                             0.28      50.44 f
  RF_17/S_15/U7/Y (OAI31X1TS)                             0.18      50.62 r
  RF_17/S_15/U2/Y (OAI21X1TS)                             0.24      50.86 f
  RF_17/S_15/U1/Y (OAI31X1TS)                             0.13      50.99 r
  RF_17/S_15/Y[0] (SBox_1_353)                            0.00      50.99 r
  RF_17/KA/DATA_IN[120] (AddConstKey_1_0_23)              0.00      50.99 r
  RF_17/KA/U22/Y (XOR2X1TS)                               0.35      51.34 r
  RF_17/KA/DATA_OUT[120] (AddConstKey_1_0_23)             0.00      51.34 r
  RF_17/SR/X[120] (ShiftRows_1_23)                        0.00      51.34 r
  RF_17/SR/Y[120] (ShiftRows_1_23)                        0.00      51.34 r
  RF_17/MC/X[120] (MixColumns_1_23)                       0.00      51.34 r
  RF_17/MC/U42/Y (XOR2X1TS)                               0.41      51.75 r
  RF_17/MC/U43/Y (XOR2X1TS)                               0.36      52.12 f
  RF_17/MC/Y[120] (MixColumns_1_23)                       0.00      52.12 f
  RF_17/ROUND_OUT[120] (RoundFunction_1_0_23)             0.00      52.12 f
  RF_18/ROUND_IN[120] (RoundFunction_1_0_22)              0.00      52.12 f
  RF_18/S_15/X[0] (SBox_1_337)                            0.00      52.12 f
  RF_18/S_15/U11/Y (OAI31X1TS)                            0.48      52.60 r
  RF_18/S_15/U10/Y (OAI21X1TS)                            0.28      52.88 f
  RF_18/S_15/U9/Y (OAI31X1TS)                             0.23      53.11 r
  RF_18/S_15/U8/Y (OAI21X1TS)                             0.28      53.39 f
  RF_18/S_15/U7/Y (OAI31X1TS)                             0.18      53.57 r
  RF_18/S_15/U2/Y (OAI21X1TS)                             0.24      53.81 f
  RF_18/S_15/U1/Y (OAI31X1TS)                             0.13      53.94 r
  RF_18/S_15/Y[0] (SBox_1_337)                            0.00      53.94 r
  RF_18/KA/DATA_IN[120] (AddConstKey_1_0_22)              0.00      53.94 r
  RF_18/KA/U22/Y (XNOR2X1TS)                              0.27      54.21 r
  RF_18/KA/DATA_OUT[120] (AddConstKey_1_0_22)             0.00      54.21 r
  RF_18/SR/X[120] (ShiftRows_1_22)                        0.00      54.21 r
  RF_18/SR/Y[120] (ShiftRows_1_22)                        0.00      54.21 r
  RF_18/MC/X[120] (MixColumns_1_22)                       0.00      54.21 r
  RF_18/MC/U42/Y (XOR2X1TS)                               0.43      54.63 r
  RF_18/MC/U43/Y (XOR2X1TS)                               0.36      54.99 f
  RF_18/MC/Y[120] (MixColumns_1_22)                       0.00      54.99 f
  RF_18/ROUND_OUT[120] (RoundFunction_1_0_22)             0.00      54.99 f
  RF_19/ROUND_IN[120] (RoundFunction_1_0_21)              0.00      54.99 f
  RF_19/S_15/X[0] (SBox_1_321)                            0.00      54.99 f
  RF_19/S_15/U11/Y (OAI31X1TS)                            0.48      55.48 r
  RF_19/S_15/U10/Y (OAI21X1TS)                            0.28      55.76 f
  RF_19/S_15/U9/Y (OAI31X1TS)                             0.23      55.99 r
  RF_19/S_15/U8/Y (OAI21X1TS)                             0.28      56.27 f
  RF_19/S_15/U7/Y (OAI31X1TS)                             0.18      56.45 r
  RF_19/S_15/U2/Y (OAI21X1TS)                             0.24      56.69 f
  RF_19/S_15/U1/Y (OAI31X1TS)                             0.13      56.82 r
  RF_19/S_15/Y[0] (SBox_1_321)                            0.00      56.82 r
  RF_19/KA/DATA_IN[120] (AddConstKey_1_0_21)              0.00      56.82 r
  RF_19/KA/U22/Y (XNOR2X1TS)                              0.27      57.09 r
  RF_19/KA/DATA_OUT[120] (AddConstKey_1_0_21)             0.00      57.09 r
  RF_19/SR/X[120] (ShiftRows_1_21)                        0.00      57.09 r
  RF_19/SR/Y[120] (ShiftRows_1_21)                        0.00      57.09 r
  RF_19/MC/X[120] (MixColumns_1_21)                       0.00      57.09 r
  RF_19/MC/U42/Y (XOR2X1TS)                               0.43      57.51 r
  RF_19/MC/U43/Y (XOR2X1TS)                               0.36      57.88 f
  RF_19/MC/Y[120] (MixColumns_1_21)                       0.00      57.88 f
  RF_19/ROUND_OUT[120] (RoundFunction_1_0_21)             0.00      57.88 f
  RF_20/ROUND_IN[120] (RoundFunction_1_0_20)              0.00      57.88 f
  RF_20/S_15/X[0] (SBox_1_305)                            0.00      57.88 f
  RF_20/S_15/U11/Y (OAI31X1TS)                            0.48      58.36 r
  RF_20/S_15/U10/Y (OAI21X1TS)                            0.28      58.64 f
  RF_20/S_15/U9/Y (OAI31X1TS)                             0.23      58.87 r
  RF_20/S_15/U8/Y (OAI21X1TS)                             0.28      59.15 f
  RF_20/S_15/U7/Y (OAI31X1TS)                             0.18      59.33 r
  RF_20/S_15/U2/Y (OAI21X1TS)                             0.24      59.57 f
  RF_20/S_15/U1/Y (OAI31X1TS)                             0.13      59.70 r
  RF_20/S_15/Y[0] (SBox_1_305)                            0.00      59.70 r
  RF_20/KA/DATA_IN[120] (AddConstKey_1_0_20)              0.00      59.70 r
  RF_20/KA/U22/Y (XOR2X1TS)                               0.35      60.05 r
  RF_20/KA/DATA_OUT[120] (AddConstKey_1_0_20)             0.00      60.05 r
  RF_20/SR/X[120] (ShiftRows_1_20)                        0.00      60.05 r
  RF_20/SR/Y[120] (ShiftRows_1_20)                        0.00      60.05 r
  RF_20/MC/X[120] (MixColumns_1_20)                       0.00      60.05 r
  RF_20/MC/U42/Y (XOR2X1TS)                               0.41      60.46 r
  RF_20/MC/U43/Y (XOR2X1TS)                               0.36      60.82 f
  RF_20/MC/Y[120] (MixColumns_1_20)                       0.00      60.82 f
  RF_20/ROUND_OUT[120] (RoundFunction_1_0_20)             0.00      60.82 f
  RF_21/ROUND_IN[120] (RoundFunction_1_0_19)              0.00      60.82 f
  RF_21/S_15/X[0] (SBox_1_289)                            0.00      60.82 f
  RF_21/S_15/U11/Y (OAI31X1TS)                            0.48      61.30 r
  RF_21/S_15/U10/Y (OAI21X1TS)                            0.28      61.58 f
  RF_21/S_15/U9/Y (OAI31X1TS)                             0.23      61.81 r
  RF_21/S_15/U8/Y (OAI21X1TS)                             0.28      62.09 f
  RF_21/S_15/U7/Y (OAI31X1TS)                             0.18      62.27 r
  RF_21/S_15/U2/Y (OAI21X1TS)                             0.24      62.51 f
  RF_21/S_15/U1/Y (OAI31X1TS)                             0.13      62.64 r
  RF_21/S_15/Y[0] (SBox_1_289)                            0.00      62.64 r
  RF_21/KA/DATA_IN[120] (AddConstKey_1_0_19)              0.00      62.64 r
  RF_21/KA/U22/Y (XOR2X1TS)                               0.35      62.99 r
  RF_21/KA/DATA_OUT[120] (AddConstKey_1_0_19)             0.00      62.99 r
  RF_21/SR/X[120] (ShiftRows_1_19)                        0.00      62.99 r
  RF_21/SR/Y[120] (ShiftRows_1_19)                        0.00      62.99 r
  RF_21/MC/X[120] (MixColumns_1_19)                       0.00      62.99 r
  RF_21/MC/U42/Y (XOR2X1TS)                               0.41      63.40 r
  RF_21/MC/U43/Y (XOR2X1TS)                               0.36      63.76 f
  RF_21/MC/Y[120] (MixColumns_1_19)                       0.00      63.76 f
  RF_21/ROUND_OUT[120] (RoundFunction_1_0_19)             0.00      63.76 f
  RF_22/ROUND_IN[120] (RoundFunction_1_0_18)              0.00      63.76 f
  RF_22/S_15/X[0] (SBox_1_273)                            0.00      63.76 f
  RF_22/S_15/U11/Y (OAI31X1TS)                            0.48      64.25 r
  RF_22/S_15/U10/Y (OAI21X1TS)                            0.28      64.53 f
  RF_22/S_15/U9/Y (OAI31X1TS)                             0.23      64.76 r
  RF_22/S_15/U8/Y (OAI21X1TS)                             0.28      65.04 f
  RF_22/S_15/U7/Y (OAI31X1TS)                             0.18      65.21 r
  RF_22/S_15/U2/Y (OAI21X1TS)                             0.24      65.45 f
  RF_22/S_15/U1/Y (OAI31X1TS)                             0.13      65.58 r
  RF_22/S_15/Y[0] (SBox_1_273)                            0.00      65.58 r
  RF_22/KA/DATA_IN[120] (AddConstKey_1_0_18)              0.00      65.58 r
  RF_22/KA/U22/Y (XOR2X1TS)                               0.35      65.93 r
  RF_22/KA/DATA_OUT[120] (AddConstKey_1_0_18)             0.00      65.93 r
  RF_22/SR/X[120] (ShiftRows_1_18)                        0.00      65.93 r
  RF_22/SR/Y[120] (ShiftRows_1_18)                        0.00      65.93 r
  RF_22/MC/X[120] (MixColumns_1_18)                       0.00      65.93 r
  RF_22/MC/U42/Y (XOR2X1TS)                               0.41      66.34 r
  RF_22/MC/U43/Y (XOR2X1TS)                               0.36      66.71 f
  RF_22/MC/Y[120] (MixColumns_1_18)                       0.00      66.71 f
  RF_22/ROUND_OUT[120] (RoundFunction_1_0_18)             0.00      66.71 f
  RF_23/ROUND_IN[120] (RoundFunction_1_0_17)              0.00      66.71 f
  RF_23/S_15/X[0] (SBox_1_257)                            0.00      66.71 f
  RF_23/S_15/U11/Y (OAI31X1TS)                            0.48      67.19 r
  RF_23/S_15/U10/Y (OAI21X1TS)                            0.28      67.47 f
  RF_23/S_15/U9/Y (OAI31X1TS)                             0.23      67.70 r
  RF_23/S_15/U8/Y (OAI21X1TS)                             0.28      67.98 f
  RF_23/S_15/U7/Y (OAI31X1TS)                             0.18      68.16 r
  RF_23/S_15/U2/Y (OAI21X1TS)                             0.24      68.40 f
  RF_23/S_15/U1/Y (OAI31X1TS)                             0.13      68.53 r
  RF_23/S_15/Y[0] (SBox_1_257)                            0.00      68.53 r
  RF_23/KA/DATA_IN[120] (AddConstKey_1_0_17)              0.00      68.53 r
  RF_23/KA/U22/Y (XOR2X1TS)                               0.35      68.87 r
  RF_23/KA/DATA_OUT[120] (AddConstKey_1_0_17)             0.00      68.87 r
  RF_23/SR/X[120] (ShiftRows_1_17)                        0.00      68.87 r
  RF_23/SR/Y[120] (ShiftRows_1_17)                        0.00      68.87 r
  RF_23/MC/X[120] (MixColumns_1_17)                       0.00      68.87 r
  RF_23/MC/U42/Y (XOR2X1TS)                               0.41      69.29 r
  RF_23/MC/U43/Y (XOR2X1TS)                               0.36      69.65 f
  RF_23/MC/Y[120] (MixColumns_1_17)                       0.00      69.65 f
  RF_23/ROUND_OUT[120] (RoundFunction_1_0_17)             0.00      69.65 f
  RF_24/ROUND_IN[120] (RoundFunction_1_0_16)              0.00      69.65 f
  RF_24/S_15/X[0] (SBox_1_241)                            0.00      69.65 f
  RF_24/S_15/U11/Y (OAI31X1TS)                            0.48      70.13 r
  RF_24/S_15/U10/Y (OAI21X1TS)                            0.28      70.41 f
  RF_24/S_15/U9/Y (OAI31X1TS)                             0.23      70.64 r
  RF_24/S_15/U8/Y (OAI21X1TS)                             0.28      70.92 f
  RF_24/S_15/U7/Y (OAI31X1TS)                             0.18      71.10 r
  RF_24/S_15/U2/Y (OAI21X1TS)                             0.24      71.34 f
  RF_24/S_15/U1/Y (OAI31X1TS)                             0.13      71.47 r
  RF_24/S_15/Y[0] (SBox_1_241)                            0.00      71.47 r
  RF_24/KA/DATA_IN[120] (AddConstKey_1_0_16)              0.00      71.47 r
  RF_24/KA/U22/Y (XNOR2X1TS)                              0.27      71.74 r
  RF_24/KA/DATA_OUT[120] (AddConstKey_1_0_16)             0.00      71.74 r
  RF_24/SR/X[120] (ShiftRows_1_16)                        0.00      71.74 r
  RF_24/SR/Y[120] (ShiftRows_1_16)                        0.00      71.74 r
  RF_24/MC/X[120] (MixColumns_1_16)                       0.00      71.74 r
  RF_24/MC/U42/Y (XOR2X1TS)                               0.43      72.16 r
  RF_24/MC/U43/Y (XOR2X1TS)                               0.36      72.53 f
  RF_24/MC/Y[120] (MixColumns_1_16)                       0.00      72.53 f
  RF_24/ROUND_OUT[120] (RoundFunction_1_0_16)             0.00      72.53 f
  RF_25/ROUND_IN[120] (RoundFunction_1_0_15)              0.00      72.53 f
  RF_25/S_15/X[0] (SBox_1_225)                            0.00      72.53 f
  RF_25/S_15/U11/Y (OAI31X1TS)                            0.48      73.01 r
  RF_25/S_15/U10/Y (OAI21X1TS)                            0.28      73.29 f
  RF_25/S_15/U9/Y (OAI31X1TS)                             0.23      73.52 r
  RF_25/S_15/U8/Y (OAI21X1TS)                             0.28      73.80 f
  RF_25/S_15/U7/Y (OAI31X1TS)                             0.18      73.98 r
  RF_25/S_15/U2/Y (OAI21X1TS)                             0.24      74.22 f
  RF_25/S_15/U1/Y (OAI31X1TS)                             0.13      74.35 r
  RF_25/S_15/Y[0] (SBox_1_225)                            0.00      74.35 r
  RF_25/KA/DATA_IN[120] (AddConstKey_1_0_15)              0.00      74.35 r
  RF_25/KA/U22/Y (XOR2X1TS)                               0.35      74.70 r
  RF_25/KA/DATA_OUT[120] (AddConstKey_1_0_15)             0.00      74.70 r
  RF_25/SR/X[120] (ShiftRows_1_15)                        0.00      74.70 r
  RF_25/SR/Y[120] (ShiftRows_1_15)                        0.00      74.70 r
  RF_25/MC/X[120] (MixColumns_1_15)                       0.00      74.70 r
  RF_25/MC/U42/Y (XOR2X1TS)                               0.41      75.11 r
  RF_25/MC/U43/Y (XOR2X1TS)                               0.36      75.47 f
  RF_25/MC/Y[120] (MixColumns_1_15)                       0.00      75.47 f
  RF_25/ROUND_OUT[120] (RoundFunction_1_0_15)             0.00      75.47 f
  RF_26/ROUND_IN[120] (RoundFunction_1_0_14)              0.00      75.47 f
  RF_26/S_15/X[0] (SBox_1_209)                            0.00      75.47 f
  RF_26/S_15/U11/Y (OAI31X1TS)                            0.48      75.96 r
  RF_26/S_15/U10/Y (OAI21X1TS)                            0.28      76.24 f
  RF_26/S_15/U9/Y (OAI31X1TS)                             0.23      76.47 r
  RF_26/S_15/U8/Y (OAI21X1TS)                             0.28      76.75 f
  RF_26/S_15/U7/Y (OAI31X1TS)                             0.18      76.92 r
  RF_26/S_15/U2/Y (OAI21X1TS)                             0.24      77.16 f
  RF_26/S_15/U1/Y (OAI31X1TS)                             0.13      77.29 r
  RF_26/S_15/Y[0] (SBox_1_209)                            0.00      77.29 r
  RF_26/KA/DATA_IN[120] (AddConstKey_1_0_14)              0.00      77.29 r
  RF_26/KA/U22/Y (XNOR2X1TS)                              0.27      77.56 r
  RF_26/KA/DATA_OUT[120] (AddConstKey_1_0_14)             0.00      77.56 r
  RF_26/SR/X[120] (ShiftRows_1_14)                        0.00      77.56 r
  RF_26/SR/Y[120] (ShiftRows_1_14)                        0.00      77.56 r
  RF_26/MC/X[120] (MixColumns_1_14)                       0.00      77.56 r
  RF_26/MC/U42/Y (XOR2X1TS)                               0.43      77.99 r
  RF_26/MC/U43/Y (XOR2X1TS)                               0.36      78.35 f
  RF_26/MC/Y[120] (MixColumns_1_14)                       0.00      78.35 f
  RF_26/ROUND_OUT[120] (RoundFunction_1_0_14)             0.00      78.35 f
  RF_27/ROUND_IN[120] (RoundFunction_1_0_13)              0.00      78.35 f
  RF_27/S_15/X[0] (SBox_1_193)                            0.00      78.35 f
  RF_27/S_15/U11/Y (OAI31X1TS)                            0.48      78.83 r
  RF_27/S_15/U10/Y (OAI21X1TS)                            0.28      79.11 f
  RF_27/S_15/U9/Y (OAI31X1TS)                             0.23      79.34 r
  RF_27/S_15/U8/Y (OAI21X1TS)                             0.28      79.62 f
  RF_27/S_15/U7/Y (OAI31X1TS)                             0.18      79.80 r
  RF_27/S_15/U2/Y (OAI21X1TS)                             0.24      80.04 f
  RF_27/S_15/U1/Y (OAI31X1TS)                             0.13      80.17 r
  RF_27/S_15/Y[0] (SBox_1_193)                            0.00      80.17 r
  RF_27/KA/DATA_IN[120] (AddConstKey_1_0_13)              0.00      80.17 r
  RF_27/KA/U22/Y (XNOR2X1TS)                              0.27      80.44 r
  RF_27/KA/DATA_OUT[120] (AddConstKey_1_0_13)             0.00      80.44 r
  RF_27/SR/X[120] (ShiftRows_1_13)                        0.00      80.44 r
  RF_27/SR/Y[120] (ShiftRows_1_13)                        0.00      80.44 r
  RF_27/MC/X[120] (MixColumns_1_13)                       0.00      80.44 r
  RF_27/MC/U42/Y (XOR2X1TS)                               0.43      80.87 r
  RF_27/MC/U43/Y (XOR2X1TS)                               0.36      81.23 f
  RF_27/MC/Y[120] (MixColumns_1_13)                       0.00      81.23 f
  RF_27/ROUND_OUT[120] (RoundFunction_1_0_13)             0.00      81.23 f
  RF_28/ROUND_IN[120] (RoundFunction_1_0_12)              0.00      81.23 f
  RF_28/S_15/X[0] (SBox_1_177)                            0.00      81.23 f
  RF_28/S_15/U11/Y (OAI31X1TS)                            0.48      81.72 r
  RF_28/S_15/U10/Y (OAI21X1TS)                            0.28      82.00 f
  RF_28/S_15/U9/Y (OAI31X1TS)                             0.23      82.23 r
  RF_28/S_15/U8/Y (OAI21X1TS)                             0.28      82.51 f
  RF_28/S_15/U7/Y (OAI31X1TS)                             0.18      82.68 r
  RF_28/S_15/U2/Y (OAI21X1TS)                             0.24      82.92 f
  RF_28/S_15/U1/Y (OAI31X1TS)                             0.13      83.06 r
  RF_28/S_15/Y[0] (SBox_1_177)                            0.00      83.06 r
  RF_28/KA/DATA_IN[120] (AddConstKey_1_0_12)              0.00      83.06 r
  RF_28/KA/U22/Y (XNOR2X1TS)                              0.27      83.32 r
  RF_28/KA/DATA_OUT[120] (AddConstKey_1_0_12)             0.00      83.32 r
  RF_28/SR/X[120] (ShiftRows_1_12)                        0.00      83.32 r
  RF_28/SR/Y[120] (ShiftRows_1_12)                        0.00      83.32 r
  RF_28/MC/X[120] (MixColumns_1_12)                       0.00      83.32 r
  RF_28/MC/U42/Y (XOR2X1TS)                               0.43      83.75 r
  RF_28/MC/U43/Y (XOR2X1TS)                               0.36      84.11 f
  RF_28/MC/Y[120] (MixColumns_1_12)                       0.00      84.11 f
  RF_28/ROUND_OUT[120] (RoundFunction_1_0_12)             0.00      84.11 f
  RF_29/ROUND_IN[120] (RoundFunction_1_0_11)              0.00      84.11 f
  RF_29/S_15/X[0] (SBox_1_161)                            0.00      84.11 f
  RF_29/S_15/U11/Y (OAI31X1TS)                            0.48      84.60 r
  RF_29/S_15/U10/Y (OAI21X1TS)                            0.28      84.88 f
  RF_29/S_15/U9/Y (OAI31X1TS)                             0.23      85.11 r
  RF_29/S_15/U8/Y (OAI21X1TS)                             0.28      85.39 f
  RF_29/S_15/U7/Y (OAI31X1TS)                             0.18      85.56 r
  RF_29/S_15/U2/Y (OAI21X1TS)                             0.24      85.81 f
  RF_29/S_15/U1/Y (OAI31X1TS)                             0.13      85.94 r
  RF_29/S_15/Y[0] (SBox_1_161)                            0.00      85.94 r
  RF_29/KA/DATA_IN[120] (AddConstKey_1_0_11)              0.00      85.94 r
  RF_29/KA/U22/Y (XOR2X1TS)                               0.35      86.28 r
  RF_29/KA/DATA_OUT[120] (AddConstKey_1_0_11)             0.00      86.28 r
  RF_29/SR/X[120] (ShiftRows_1_11)                        0.00      86.28 r
  RF_29/SR/Y[120] (ShiftRows_1_11)                        0.00      86.28 r
  RF_29/MC/X[120] (MixColumns_1_11)                       0.00      86.28 r
  RF_29/MC/U42/Y (XOR2X1TS)                               0.41      86.70 r
  RF_29/MC/U43/Y (XOR2X1TS)                               0.36      87.06 f
  RF_29/MC/Y[120] (MixColumns_1_11)                       0.00      87.06 f
  RF_29/ROUND_OUT[120] (RoundFunction_1_0_11)             0.00      87.06 f
  RF_30/ROUND_IN[120] (RoundFunction_1_0_10)              0.00      87.06 f
  RF_30/S_15/X[0] (SBox_1_145)                            0.00      87.06 f
  RF_30/S_15/U11/Y (OAI31X1TS)                            0.48      87.54 r
  RF_30/S_15/U10/Y (OAI21X1TS)                            0.28      87.82 f
  RF_30/S_15/U9/Y (OAI31X1TS)                             0.23      88.05 r
  RF_30/S_15/U8/Y (OAI21X1TS)                             0.28      88.33 f
  RF_30/S_15/U7/Y (OAI31X1TS)                             0.18      88.51 r
  RF_30/S_15/U2/Y (OAI21X1TS)                             0.24      88.75 f
  RF_30/S_15/U1/Y (OAI31X1TS)                             0.13      88.88 r
  RF_30/S_15/Y[0] (SBox_1_145)                            0.00      88.88 r
  RF_30/KA/DATA_IN[120] (AddConstKey_1_0_10)              0.00      88.88 r
  RF_30/KA/U22/Y (XOR2X1TS)                               0.35      89.23 r
  RF_30/KA/DATA_OUT[120] (AddConstKey_1_0_10)             0.00      89.23 r
  RF_30/SR/X[120] (ShiftRows_1_10)                        0.00      89.23 r
  RF_30/SR/Y[120] (ShiftRows_1_10)                        0.00      89.23 r
  RF_30/MC/X[120] (MixColumns_1_10)                       0.00      89.23 r
  RF_30/MC/U42/Y (XOR2X1TS)                               0.41      89.64 r
  RF_30/MC/U43/Y (XOR2X1TS)                               0.36      90.00 f
  RF_30/MC/Y[120] (MixColumns_1_10)                       0.00      90.00 f
  RF_30/ROUND_OUT[120] (RoundFunction_1_0_10)             0.00      90.00 f
  RF_31/ROUND_IN[120] (RoundFunction_1_0_9)               0.00      90.00 f
  RF_31/S_15/X[0] (SBox_1_129)                            0.00      90.00 f
  RF_31/S_15/U11/Y (OAI31X1TS)                            0.48      90.48 r
  RF_31/S_15/U10/Y (OAI21X1TS)                            0.28      90.76 f
  RF_31/S_15/U9/Y (OAI31X1TS)                             0.23      90.99 r
  RF_31/S_15/U8/Y (OAI21X1TS)                             0.28      91.27 f
  RF_31/S_15/U7/Y (OAI31X1TS)                             0.18      91.45 r
  RF_31/S_15/U2/Y (OAI21X1TS)                             0.24      91.69 f
  RF_31/S_15/U1/Y (OAI31X1TS)                             0.13      91.82 r
  RF_31/S_15/Y[0] (SBox_1_129)                            0.00      91.82 r
  RF_31/KA/DATA_IN[120] (AddConstKey_1_0_9)               0.00      91.82 r
  RF_31/KA/U22/Y (XOR2X1TS)                               0.35      92.17 r
  RF_31/KA/DATA_OUT[120] (AddConstKey_1_0_9)              0.00      92.17 r
  RF_31/SR/X[120] (ShiftRows_1_9)                         0.00      92.17 r
  RF_31/SR/Y[120] (ShiftRows_1_9)                         0.00      92.17 r
  RF_31/MC/X[120] (MixColumns_1_9)                        0.00      92.17 r
  RF_31/MC/U42/Y (XOR2X1TS)                               0.41      92.58 r
  RF_31/MC/U43/Y (XOR2X1TS)                               0.36      92.94 f
  RF_31/MC/Y[120] (MixColumns_1_9)                        0.00      92.94 f
  RF_31/ROUND_OUT[120] (RoundFunction_1_0_9)              0.00      92.94 f
  RF_32/ROUND_IN[120] (RoundFunction_1_0_8)               0.00      92.94 f
  RF_32/S_15/X[0] (SBox_1_113)                            0.00      92.94 f
  RF_32/S_15/U11/Y (OAI31X1TS)                            0.48      93.43 r
  RF_32/S_15/U10/Y (OAI21X1TS)                            0.28      93.71 f
  RF_32/S_15/U9/Y (OAI31X1TS)                             0.23      93.94 r
  RF_32/S_15/U8/Y (OAI21X1TS)                             0.28      94.22 f
  RF_32/S_15/U7/Y (OAI31X1TS)                             0.18      94.39 r
  RF_32/S_15/U2/Y (OAI21X1TS)                             0.24      94.63 f
  RF_32/S_15/U1/Y (OAI31X1TS)                             0.13      94.76 r
  RF_32/S_15/Y[0] (SBox_1_113)                            0.00      94.76 r
  RF_32/KA/DATA_IN[120] (AddConstKey_1_0_8)               0.00      94.76 r
  RF_32/KA/U22/Y (XNOR2X1TS)                              0.27      95.03 r
  RF_32/KA/DATA_OUT[120] (AddConstKey_1_0_8)              0.00      95.03 r
  RF_32/SR/X[120] (ShiftRows_1_8)                         0.00      95.03 r
  RF_32/SR/Y[120] (ShiftRows_1_8)                         0.00      95.03 r
  RF_32/MC/X[120] (MixColumns_1_8)                        0.00      95.03 r
  RF_32/MC/U42/Y (XOR2X1TS)                               0.43      95.46 r
  RF_32/MC/U43/Y (XOR2X1TS)                               0.36      95.82 f
  RF_32/MC/Y[120] (MixColumns_1_8)                        0.00      95.82 f
  RF_32/ROUND_OUT[120] (RoundFunction_1_0_8)              0.00      95.82 f
  RF_33/ROUND_IN[120] (RoundFunction_1_0_7)               0.00      95.82 f
  RF_33/S_15/X[0] (SBox_1_97)                             0.00      95.82 f
  RF_33/S_15/U11/Y (OAI31X1TS)                            0.47      96.29 r
  RF_33/S_15/U3/Y (OAI21XLTS)                             0.29      96.58 f
  RF_33/S_15/U10/Y (OAI31X1TS)                            0.22      96.79 r
  RF_33/S_15/U9/Y (OAI21X1TS)                             0.26      97.06 f
  RF_33/S_15/U8/Y (OAI31X1TS)                             0.18      97.23 r
  RF_33/S_15/U5/Y (OAI21X1TS)                             0.24      97.47 f
  RF_33/S_15/U4/Y (OAI31X1TS)                             0.13      97.61 r
  RF_33/S_15/Y[0] (SBox_1_97)                             0.00      97.61 r
  RF_33/KA/DATA_IN[120] (AddConstKey_1_0_7)               0.00      97.61 r
  RF_33/KA/U22/Y (XNOR2X1TS)                              0.27      97.88 r
  RF_33/KA/DATA_OUT[120] (AddConstKey_1_0_7)              0.00      97.88 r
  RF_33/SR/X[120] (ShiftRows_1_7)                         0.00      97.88 r
  RF_33/SR/Y[120] (ShiftRows_1_7)                         0.00      97.88 r
  RF_33/MC/X[120] (MixColumns_1_7)                        0.00      97.88 r
  RF_33/MC/U42/Y (XOR2X1TS)                               0.43      98.30 r
  RF_33/MC/U43/Y (XOR2X1TS)                               0.36      98.66 f
  RF_33/MC/Y[120] (MixColumns_1_7)                        0.00      98.66 f
  RF_33/ROUND_OUT[120] (RoundFunction_1_0_7)              0.00      98.66 f
  RF_34/ROUND_IN[120] (RoundFunction_1_0_6)               0.00      98.66 f
  RF_34/S_15/X[0] (SBox_1_81)                             0.00      98.66 f
  RF_34/S_15/U12/Y (OAI21X1TS)                            0.14      98.81 r
  RF_34/S_15/U11/Y (OAI31X1TS)                            0.24      99.05 f
  RF_34/S_15/U6/Y (OAI21XLTS)                             0.32      99.37 r
  RF_34/S_15/U10/Y (OAI31X1TS)                            0.28      99.65 f
  RF_34/S_15/U5/Y (OAI21XLTS)                             0.32      99.97 r
  RF_34/S_15/U9/Y (OAI31X1TS)                             0.24     100.21 f
  RF_34/S_15/U1/Y (OAI21XLTS)                             0.32     100.53 r
  RF_34/S_15/U7/Y (OAI31X1TS)                             0.20     100.72 f
  RF_34/S_15/Y[0] (SBox_1_81)                             0.00     100.72 f
  RF_34/KA/DATA_IN[120] (AddConstKey_1_0_6)               0.00     100.72 f
  RF_34/KA/U22/Y (XOR2X1TS)                               0.31     101.03 r
  RF_34/KA/DATA_OUT[120] (AddConstKey_1_0_6)              0.00     101.03 r
  RF_34/SR/X[120] (ShiftRows_1_6)                         0.00     101.03 r
  RF_34/SR/Y[120] (ShiftRows_1_6)                         0.00     101.03 r
  RF_34/MC/X[120] (MixColumns_1_6)                        0.00     101.03 r
  RF_34/MC/U43/Y (XOR2X1TS)                               0.41     101.45 r
  RF_34/MC/U44/Y (XOR2X1TS)                               0.36     101.81 f
  RF_34/MC/Y[120] (MixColumns_1_6)                        0.00     101.81 f
  RF_34/ROUND_OUT[120] (RoundFunction_1_0_6)              0.00     101.81 f
  RF_35/ROUND_IN[120] (RoundFunction_1_0_5)               0.00     101.81 f
  RF_35/S_15/X[0] (SBox_1_65)                             0.00     101.81 f
  RF_35/S_15/U12/Y (OAI21X1TS)                            0.14     101.95 r
  RF_35/S_15/U11/Y (OAI31X1TS)                            0.24     102.19 f
  RF_35/S_15/U6/Y (OAI21XLTS)                             0.32     102.52 r
  RF_35/S_15/U10/Y (OAI31X1TS)                            0.28     102.80 f
  RF_35/S_15/U5/Y (OAI21XLTS)                             0.32     103.11 r
  RF_35/S_15/U9/Y (OAI31X1TS)                             0.24     103.35 f
  RF_35/S_15/U1/Y (OAI21XLTS)                             0.32     103.67 r
  RF_35/S_15/U7/Y (OAI31X1TS)                             0.20     103.87 f
  RF_35/S_15/Y[0] (SBox_1_65)                             0.00     103.87 f
  RF_35/KA/DATA_IN[120] (AddConstKey_1_0_5)               0.00     103.87 f
  RF_35/KA/U23/Y (XNOR2X1TS)                              0.24     104.10 r
  RF_35/KA/DATA_OUT[120] (AddConstKey_1_0_5)              0.00     104.10 r
  RF_35/SR/X[120] (ShiftRows_1_5)                         0.00     104.10 r
  RF_35/SR/Y[120] (ShiftRows_1_5)                         0.00     104.10 r
  RF_35/MC/X[120] (MixColumns_1_5)                        0.00     104.10 r
  RF_35/MC/U43/Y (XOR2X1TS)                               0.43     104.53 r
  RF_35/MC/U44/Y (XOR2X1TS)                               0.36     104.89 f
  RF_35/MC/Y[120] (MixColumns_1_5)                        0.00     104.89 f
  RF_35/ROUND_OUT[120] (RoundFunction_1_0_5)              0.00     104.89 f
  RF_36/ROUND_IN[120] (RoundFunction_1_0_4)               0.00     104.89 f
  RF_36/S_15/X[0] (SBox_1_49)                             0.00     104.89 f
  RF_36/S_15/U12/Y (OAI21X1TS)                            0.14     105.03 r
  RF_36/S_15/U11/Y (OAI31X1TS)                            0.24     105.28 f
  RF_36/S_15/U6/Y (OAI21XLTS)                             0.32     105.60 r
  RF_36/S_15/U10/Y (OAI31X1TS)                            0.28     105.88 f
  RF_36/S_15/U5/Y (OAI21XLTS)                             0.32     106.19 r
  RF_36/S_15/U9/Y (OAI31X1TS)                             0.24     106.43 f
  RF_36/S_15/U1/Y (OAI21XLTS)                             0.32     106.75 r
  RF_36/S_15/U7/Y (OAI31X1TS)                             0.20     106.95 f
  RF_36/S_15/Y[0] (SBox_1_49)                             0.00     106.95 f
  RF_36/KA/DATA_IN[120] (AddConstKey_1_0_4)               0.00     106.95 f
  RF_36/KA/U23/Y (XNOR2X1TS)                              0.23     107.18 r
  RF_36/KA/DATA_OUT[120] (AddConstKey_1_0_4)              0.00     107.18 r
  RF_36/SR/X[120] (ShiftRows_1_4)                         0.00     107.18 r
  RF_36/SR/Y[120] (ShiftRows_1_4)                         0.00     107.18 r
  RF_36/MC/X[120] (MixColumns_1_4)                        0.00     107.18 r
  RF_36/MC/U51/Y (XOR2X1TS)                               0.42     107.59 r
  RF_36/MC/U52/Y (XOR2X1TS)                               0.36     107.96 f
  RF_36/MC/Y[120] (MixColumns_1_4)                        0.00     107.96 f
  RF_36/ROUND_OUT[120] (RoundFunction_1_0_4)              0.00     107.96 f
  RF_37/ROUND_IN[120] (RoundFunction_1_0_3)               0.00     107.96 f
  RF_37/S_15/X[0] (SBox_1_33)                             0.00     107.96 f
  RF_37/S_15/U12/Y (OAI21X1TS)                            0.14     108.10 r
  RF_37/S_15/U11/Y (OAI31X1TS)                            0.24     108.34 f
  RF_37/S_15/U6/Y (OAI21XLTS)                             0.32     108.66 r
  RF_37/S_15/U10/Y (OAI31X1TS)                            0.28     108.94 f
  RF_37/S_15/U5/Y (OAI21XLTS)                             0.32     109.26 r
  RF_37/S_15/U9/Y (OAI31X1TS)                             0.24     109.50 f
  RF_37/S_15/U3/Y (OAI21XLTS)                             0.32     109.82 r
  RF_37/S_15/U7/Y (OAI31X1TS)                             0.20     110.02 f
  RF_37/S_15/Y[0] (SBox_1_33)                             0.00     110.02 f
  RF_37/KA/DATA_IN[120] (AddConstKey_1_0_3)               0.00     110.02 f
  RF_37/KA/U33/Y (XOR2X1TS)                               0.30     110.32 r
  RF_37/KA/DATA_OUT[120] (AddConstKey_1_0_3)              0.00     110.32 r
  RF_37/SR/X[120] (ShiftRows_1_3)                         0.00     110.32 r
  RF_37/SR/Y[120] (ShiftRows_1_3)                         0.00     110.32 r
  RF_37/MC/X[120] (MixColumns_1_3)                        0.00     110.32 r
  RF_37/MC/U70/Y (XOR2X1TS)                               0.40     110.72 r
  RF_37/MC/U71/Y (XOR2X1TS)                               0.36     111.09 f
  RF_37/MC/Y[120] (MixColumns_1_3)                        0.00     111.09 f
  RF_37/ROUND_OUT[120] (RoundFunction_1_0_3)              0.00     111.09 f
  RF_38/ROUND_IN[120] (RoundFunction_1_0_2)               0.00     111.09 f
  RF_38/S_15/X[0] (SBox_1_17)                             0.00     111.09 f
  RF_38/S_15/U16/Y (OAI21X1TS)                            0.14     111.23 r
  RF_38/S_15/U15/Y (OAI31X1TS)                            0.24     111.47 f
  RF_38/S_15/U5/Y (OAI21XLTS)                             0.32     111.79 r
  RF_38/S_15/U11/Y (OAI31X1TS)                            0.28     112.07 f
  RF_38/S_15/U4/Y (OAI21XLTS)                             0.32     112.39 r
  RF_38/S_15/U8/Y (OAI31X1TS)                             0.24     112.63 f
  RF_38/S_15/U3/Y (OAI21XLTS)                             0.32     112.95 r
  RF_38/S_15/U7/Y (OAI31X1TS)                             0.20     113.14 f
  RF_38/S_15/Y[0] (SBox_1_17)                             0.00     113.14 f
  RF_38/KA/DATA_IN[120] (AddConstKey_1_0_2)               0.00     113.14 f
  RF_38/KA/U36/Y (XNOR2X1TS)                              0.23     113.37 r
  RF_38/KA/DATA_OUT[120] (AddConstKey_1_0_2)              0.00     113.37 r
  RF_38/SR/X[120] (ShiftRows_1_2)                         0.00     113.37 r
  RF_38/SR/Y[120] (ShiftRows_1_2)                         0.00     113.37 r
  RF_38/MC/X[120] (MixColumns_1_2)                        0.00     113.37 r
  RF_38/MC/U26/Y (XOR2X1TS)                               0.41     113.78 r
  RF_38/MC/U79/Y (XOR2X1TS)                               0.36     114.14 f
  RF_38/MC/Y[120] (MixColumns_1_2)                        0.00     114.14 f
  RF_38/ROUND_OUT[120] (RoundFunction_1_0_2)              0.00     114.14 f
  RF_39/ROUND_IN[120] (RoundFunction_1_0_1)               0.00     114.14 f
  RF_39/S_15/X[0] (SBox_1_1)                              0.00     114.14 f
  RF_39/S_15/U15/Y (OAI21X1TS)                            0.14     114.28 r
  RF_39/S_15/U16/Y (OAI31X1TS)                            0.24     114.52 f
  RF_39/S_15/U5/Y (OAI21XLTS)                             0.32     114.85 r
  RF_39/S_15/U11/Y (OAI31X1TS)                            0.28     115.13 f
  RF_39/S_15/U4/Y (OAI21XLTS)                             0.32     115.44 r
  RF_39/S_15/U8/Y (OAI31X1TS)                             0.24     115.68 f
  RF_39/S_15/U3/Y (OAI21XLTS)                             0.32     116.00 r
  RF_39/S_15/U7/Y (OAI31X1TS)                             0.20     116.20 f
  RF_39/S_15/Y[0] (SBox_1_1)                              0.00     116.20 f
  RF_39/KA/DATA_IN[120] (AddConstKey_1_0_1)               0.00     116.20 f
  RF_39/KA/U25/Y (XOR2X1TS)                               0.25     116.44 r
  RF_39/KA/DATA_OUT[120] (AddConstKey_1_0_1)              0.00     116.44 r
  RF_39/SR/X[120] (ShiftRows_1_1)                         0.00     116.44 r
  RF_39/SR/Y[120] (ShiftRows_1_1)                         0.00     116.44 r
  RF_39/MC/X[120] (MixColumns_1_1)                        0.00     116.44 r
  RF_39/MC/U17/Y (XOR2X1TS)                               0.30     116.74 r
  RF_39/MC/U72/Y (XOR2X1TS)                               0.27     117.01 f
  RF_39/MC/Y[120] (MixColumns_1_1)                        0.00     117.01 f
  RF_39/ROUND_OUT[120] (RoundFunction_1_0_1)              0.00     117.01 f
  CIPHERTEXT[120] (out)                                   0.00     117.01 f
  data arrival time                                                117.01
  --------------------------------------------------------------------------
  (Path is unconstrained)


1
